                                                                                
[1;35m❯ hello bough[m                                                                   
[90m────────────────────────────────────────[m                                        
                                                                                
                                                                                
                                                                                
                                                                                
                                                                                
                                                                                
                                                                                
                                                                                
                                                                                
                                                                                
                                                                                
                                                                                
                                                                                
                                                                                
                                                                                
                                                                                
                                                                                
                                                                                
                                                                                
[38;5;250;48;5;236m bough                                                                          [m
[37m> [m[7;37ms[m[38;5;240may something[m[38;5;240m                                                                  [m