[1;38;2;167;192;128m❯ hello bough[m                                                                   
[38;2;230;126;128m✗ turn ended without a reply[m                                                    
[38;2;133;146;137m────────────────────────────────────────[m                                        
                                                                                
                                                                                
                                                                                
                                                                                
                                                                                
                                                                                
                                                                                
                                                                                
                                                                                
                                                                                
                                                                                
                                                                                
                                                                                
                                                                                
                                                                                
                                                                                
                                                                                
                                                                                
                                                                                
[38;2;211;198;170;48;2;61;72;77m bough                                                                   ? keys [m
[37m> [m[7;37ms[m[38;5;240may something[m                                                                 