[38;2;131;192;146m● [m[38;2;133;146;137mbough — a coding agent[m                                                        
[38;2;133;146;137m  keys: ? for the list · / for commands · ! for shell[m                           
[38;2;133;146;137m  ask me to do something — I act by running code[m                                
                                                                                
                                                                                
                                                                                
                                                                                
                                                                                
                                                                                
                                                                                
                                                                                
                                                                                
                                                                                
                                                                                
                                                                                
                                                                                
                                                                                
                                                                                
                                                                                
                                                                                
                                                                                
                                                                                
[38;2;211;198;170;48;2;61;72;77m bough                                                                   ? keys [m
[37m> [m[7;37ms[m[38;5;240may something[m                                                                 