[38;2;230;126;128m✗ llm: no provider mounted[m                                                      
                                                                                
                                                                                
                                                                                
                                                                                
                                                                                
                                                                                
                                                                                
                                                                                
                                                                                
                                                                                
                                                                                
                                                                                
                                                                                
                                                                                
                                                                                
                                                                                
                                                                                
                                                                                
                                                                                
                                                                                
                                                                                
[38;2;211;198;170;48;2;61;72;77m bough                                                                   ? keys [m
[37m> [m[7;37ms[m[38;5;240may something[m                                                                 