[36m● [m[90mbough — a coding agent[m                                                        
[90m  type / for commands (/help lists them) · /keys or ? for the keys[m              
[90m  !cmd runs a shell command[m                                                     
[90m  ask me to do something — I act by running code[m                                
                                                                                
                                                                                
                                                                                
                                                                                
                                                                                
                                                                                
                                                                                
                                                                                
                                                                                
                                                                                
                                                                                
                                                                                
                                                                                
                                                                                
                                                                                
                                                                                
                                                                                
                                                                                
[38;5;250;48;5;236m bough                                                                   ? keys [m
[37m> [m[7;37ms[m[38;5;240may something[m                                                                 