[38;2;131;192;146m● [m[38;2;133;146;137mbough — a coding agent[m                                                        
[38;2;133;146;137m  keys: ? for the list · / for commands · ! for shell[m                           
[38;2;133;146;137m  ask me to do something — I act by running code[m                                
                                                                                
                                   [0m     [0m[38;2;70;176;126m-[0m[0m                                       
                                   [0m     [0m[38;2;78;201;143m-[0m[38;2;26;52;43m.[0m[38;2;78;201;143m-[0m[0m                                     
                                   [0m     [0m[38;2;79;203;144m-[0m[38;2;78;201;143m-[0m[0m                                      
                                   [0m    [0m[38;2;36;80;62m.[0m[38;2;78;201;143m-[0m[0m                                       
                                   [0m    [0m[38;2;78;201;143m-[0m[0m                                        
                                   [0m [0m[38;2;237;219;166m+[0m[38;2;194;156;69m-[0m[38;2;196;159;73m-[0m[38;2;78;201;143m-[0m[38;2;193;155;67m-[0m[38;2;193;154;66m-[0m[38;2;244;224;168m+[0m[0m                                     
                                   [0m[38;2;199;163;80m=[0m[38;2;223;197;132m=[0m[38;2;227;204;142m=[0m[38;2;237;219;166m+[0m[38;2;78;201;143m-[0m[38;2;231;210;151m+[0m[38;2;237;219;165m+[0m[38;2;236;217;163m++[0m                                    
                                   [0m[38;2;236;217;163m+[0m[38;2;192;154;65m-[0m[38;2;193;155;67m-[0m[38;2;208;176;100m=[0m[38;2;199;163;80m=[0m[38;2;198;162;78m-[0m[38;2;202;168;87m=[0m[38;2;194;156;69m-[0m[38;2;238;220;167m+[0m                                    
                                   [0m[38;2;217;180;95m==[0m[38;2;216;178;92m=[0m[38;2;229;204;140m=[0m[38;2;235;214;158m+[0m[38;2;225;196;124m=[0m[38;2;217;180;94m=[0m[38;2;194;156;69m--[0m                                    
                                   [0m[38;2;217;180;95m=======[0m[38;2;194;156;69m--[0m                                    
                                   [0m[38;2;217;180;95m=======[0m[38;2;194;156;69m--[0m                                    
                                   [0m[38;2;217;180;95m=======[0m[38;2;194;156;69m--[0m                                    
                                   [0m[38;2;217;180;95m=======[0m[38;2;194;156;69m--[0m                                    
                                   [0m[38;2;217;180;95m=======[0m[38;2;194;156;69m--[0m                                    
                                   [0m [0m[38;2;217;180;95m=====[0m[38;2;194;156;69m-[0m[38;2;196;157;69m-[0m[0m                                     
                                                                                
                                                                                
                                                                                
[38;2;211;198;170;48;2;61;72;77m bough                                                                   ? keys [m
[37m> [m[7;37ms[m[38;5;240may something[m                                                                 