[38;2;133;146;137m▸ result (20 lines): l0xxx[m                                                      
                                                                                
                                                                                
                                                                                
                                                                                
                                                                                
                                                                                
                                                                                
                                                                                
                                                                                
                                                                                
                                                                                
                                                                                
                                                                                
                                                                                
                                                                                
                                                                                
                                                                                
                                                                                
                                                                                
                                                                                
                                                                                
[38;2;211;198;170;48;2;61;72;77m bough                                                                   ? keys [m
[37m> [m[7;37ms[m[38;5;240may something[m                                                                 