[1;38;2;167;192;128m❯ run the tests[m                                                                 
[38;2;86;99;95m────────────────────────────────────────────────────────────────────────────────[m
⠋ Running go test ./...                                                         
[38;2;133;146;137m    --- PASS: a[m                                                                 
[38;2;133;146;137m    --- PASS: b[m                                                                 
[38;2;133;146;137m    ok  pkg 0.1s[m                                                                
                                                                                
                                                                                
                                                                                
                                                                                
                                                                                
                                                                                
                                                                                
                                                                                
                                                                                
                                                                                
                                                                                
                                                                                
                                                                                
                                                                                
                                                                                
                                                                                
[38;2;211;198;170;48;2;61;72;77m bough                                                                   ? keys [m
[37m> [m[7;37ms[m[38;5;240may something[m                                                                 